../Core/Src/main.c:33:5:main	8	static,ignoring_inline_asm
../Core/Src/main.c:72:6:ADC_print	8	static,ignoring_inline_asm
../Core/Src/main.c:98:6:ADC_countConversion	40	static
../Core/Src/main.c:116:5:count_to_volts	16	static
../Core/Src/main.c:122:6:ADC_voltsConversion	40	static
../Core/Src/main.c:139:6:ADC_updateArray	16	static
../Core/Src/main.c:147:6:ADC_getAverage	16	static
../Core/Src/main.c:155:6:ADC_getMin	16	static
../Core/Src/main.c:165:6:ADC_getMax	16	static
../Core/Src/main.c:175:6:ADC_init	8	static,ignoring_inline_asm
../Core/Src/main.c:215:6:ADC1_2_IRQHandler	4	static
../Core/Src/main.c:222:6:SystemClock_Config	96	static
../Core/Src/main.c:267:6:Error_Handler	4	static,ignoring_inline_asm
