Archive member included to satisfy reference by file (symbol)

c:/st/stm32cubeide_1.12.0/stm32cubeide/plugins/com.st.stm32cube.ide.mcu.externaltools.gnu-tools-for-stm32.10.3-2021.10.win32_1.0.200.202301161003/tools/bin/../lib/gcc/arm-none-eabi/10.3.1/../../../../arm-none-eabi/lib/thumb/v7e-m+fp/hard\libc_nano.a(lib_a-errno.o)
                              ./Core/Src/syscalls.o (__errno)
c:/st/stm32cubeide_1.12.0/stm32cubeide/plugins/com.st.stm32cube.ide.mcu.externaltools.gnu-tools-for-stm32.10.3-2021.10.win32_1.0.200.202301161003/tools/bin/../lib/gcc/arm-none-eabi/10.3.1/../../../../arm-none-eabi/lib/thumb/v7e-m+fp/hard\libc_nano.a(lib_a-exit.o)
                              c:/st/stm32cubeide_1.12.0/stm32cubeide/plugins/com.st.stm32cube.ide.mcu.externaltools.gnu-tools-for-stm32.10.3-2021.10.win32_1.0.200.202301161003/tools/bin/../lib/gcc/arm-none-eabi/10.3.1/../../../../arm-none-eabi/lib/thumb/v7e-m+fp/hard/crt0.o (exit)
c:/st/stm32cubeide_1.12.0/stm32cubeide/plugins/com.st.stm32cube.ide.mcu.externaltools.gnu-tools-for-stm32.10.3-2021.10.win32_1.0.200.202301161003/tools/bin/../lib/gcc/arm-none-eabi/10.3.1/../../../../arm-none-eabi/lib/thumb/v7e-m+fp/hard\libc_nano.a(lib_a-impure.o)
                              c:/st/stm32cubeide_1.12.0/stm32cubeide/plugins/com.st.stm32cube.ide.mcu.externaltools.gnu-tools-for-stm32.10.3-2021.10.win32_1.0.200.202301161003/tools/bin/../lib/gcc/arm-none-eabi/10.3.1/../../../../arm-none-eabi/lib/thumb/v7e-m+fp/hard\libc_nano.a(lib_a-exit.o) (_global_impure_ptr)
c:/st/stm32cubeide_1.12.0/stm32cubeide/plugins/com.st.stm32cube.ide.mcu.externaltools.gnu-tools-for-stm32.10.3-2021.10.win32_1.0.200.202301161003/tools/bin/../lib/gcc/arm-none-eabi/10.3.1/../../../../arm-none-eabi/lib/thumb/v7e-m+fp/hard\libc_nano.a(lib_a-init.o)
                              c:/st/stm32cubeide_1.12.0/stm32cubeide/plugins/com.st.stm32cube.ide.mcu.externaltools.gnu-tools-for-stm32.10.3-2021.10.win32_1.0.200.202301161003/tools/bin/../lib/gcc/arm-none-eabi/10.3.1/../../../../arm-none-eabi/lib/thumb/v7e-m+fp/hard/crt0.o (__libc_init_array)
c:/st/stm32cubeide_1.12.0/stm32cubeide/plugins/com.st.stm32cube.ide.mcu.externaltools.gnu-tools-for-stm32.10.3-2021.10.win32_1.0.200.202301161003/tools/bin/../lib/gcc/arm-none-eabi/10.3.1/../../../../arm-none-eabi/lib/thumb/v7e-m+fp/hard\libc_nano.a(lib_a-memset.o)
                              c:/st/stm32cubeide_1.12.0/stm32cubeide/plugins/com.st.stm32cube.ide.mcu.externaltools.gnu-tools-for-stm32.10.3-2021.10.win32_1.0.200.202301161003/tools/bin/../lib/gcc/arm-none-eabi/10.3.1/../../../../arm-none-eabi/lib/thumb/v7e-m+fp/hard/crt0.o (memset)
c:/st/stm32cubeide_1.12.0/stm32cubeide/plugins/com.st.stm32cube.ide.mcu.externaltools.gnu-tools-for-stm32.10.3-2021.10.win32_1.0.200.202301161003/tools/bin/../lib/gcc/arm-none-eabi/10.3.1/../../../../arm-none-eabi/lib/thumb/v7e-m+fp/hard\libc_nano.a(lib_a-strlen.o)
                              ./Core/Src/LCD.o (strlen)

Discarded input sections

 .text          0x0000000000000000        0x0 c:/st/stm32cubeide_1.12.0/stm32cubeide/plugins/com.st.stm32cube.ide.mcu.externaltools.gnu-tools-for-stm32.10.3-2021.10.win32_1.0.200.202301161003/tools/bin/../lib/gcc/arm-none-eabi/10.3.1/thumb/v7e-m+fp/hard/crti.o
 .data          0x0000000000000000        0x0 c:/st/stm32cubeide_1.12.0/stm32cubeide/plugins/com.st.stm32cube.ide.mcu.externaltools.gnu-tools-for-stm32.10.3-2021.10.win32_1.0.200.202301161003/tools/bin/../lib/gcc/arm-none-eabi/10.3.1/thumb/v7e-m+fp/hard/crti.o
 .bss           0x0000000000000000        0x0 c:/st/stm32cubeide_1.12.0/stm32cubeide/plugins/com.st.stm32cube.ide.mcu.externaltools.gnu-tools-for-stm32.10.3-2021.10.win32_1.0.200.202301161003/tools/bin/../lib/gcc/arm-none-eabi/10.3.1/thumb/v7e-m+fp/hard/crti.o
 .data          0x0000000000000000        0x4 c:/st/stm32cubeide_1.12.0/stm32cubeide/plugins/com.st.stm32cube.ide.mcu.externaltools.gnu-tools-for-stm32.10.3-2021.10.win32_1.0.200.202301161003/tools/bin/../lib/gcc/arm-none-eabi/10.3.1/thumb/v7e-m+fp/hard/crtbegin.o
 .rodata        0x0000000000000000       0x24 c:/st/stm32cubeide_1.12.0/stm32cubeide/plugins/com.st.stm32cube.ide.mcu.externaltools.gnu-tools-for-stm32.10.3-2021.10.win32_1.0.200.202301161003/tools/bin/../lib/gcc/arm-none-eabi/10.3.1/thumb/v7e-m+fp/hard/crtbegin.o
 .text          0x0000000000000000       0x7c c:/st/stm32cubeide_1.12.0/stm32cubeide/plugins/com.st.stm32cube.ide.mcu.externaltools.gnu-tools-for-stm32.10.3-2021.10.win32_1.0.200.202301161003/tools/bin/../lib/gcc/arm-none-eabi/10.3.1/../../../../arm-none-eabi/lib/thumb/v7e-m+fp/hard/crt0.o
 .data          0x0000000000000000        0x0 c:/st/stm32cubeide_1.12.0/stm32cubeide/plugins/com.st.stm32cube.ide.mcu.externaltools.gnu-tools-for-stm32.10.3-2021.10.win32_1.0.200.202301161003/tools/bin/../lib/gcc/arm-none-eabi/10.3.1/../../../../arm-none-eabi/lib/thumb/v7e-m+fp/hard/crt0.o
[...]
Memory Configuration

Name             Origin             Length             Attributes
RAM              0x0000000020000000 0x0000000000050000 xrw
RAM2             0x0000000010000000 0x0000000000010000 xrw
FLASH            0x0000000008000000 0x0000000000100000 xr
*default*        0x0000000000000000 0xffffffffffffffff

Linker script and memory map

LOAD c:/st/stm32cubeide_1.12.0/stm32cubeide/plugins/com.st.stm32cube.ide.mcu.externaltools.gnu-tools-for-stm32.10.3-2021.10.win32_1.0.200.202301161003/tools/bin/../lib/gcc/arm-none-eabi/10.3.1/thumb/v7e-m+fp/hard/crti.o
LOAD c:/st/stm32cubeide_1.12.0/stm32cubeide/plugins/com.st.stm32cube.ide.mcu.externaltools.gnu-tools-for-stm32.10.3-2021.10.win32_1.0.200.202301161003/tools/bin/../lib/gcc/arm-none-eabi/10.3.1/thumb/v7e-m+fp/hard/crtbegin.o
LOAD c:/st/stm32cubeide_1.12.0/stm32cubeide/plugins/com.st.stm32cube.ide.mcu.externaltools.gnu-tools-for-stm32.10.3-2021.10.win32_1.0.200.202301161003/tools/bin/../lib/gcc/arm-none-eabi/10.3.1/../../../../arm-none-eabi/lib/thumb/v7e-m+fp/hard/crt0.o
LOAD ./Core/Src/LCD.o
LOAD ./Core/Src/main.o
LOAD ./Core/Src/stm32l4xx_hal_msp.o
LOAD ./Core/Src/stm32l4xx_it.o
LOAD ./Core/Src/syscalls.o
LOAD ./Core/Src/sysmem.o
LOAD ./Core/Src/system_stm32l4xx.o
LOAD ./Core/Startup/startup_stm32l4a6zgtx.o
LOAD ./Drivers/STM32L4xx_HAL_Driver/Src/stm32l4xx_hal.o
LOAD ./Drivers/STM32L4xx_HAL_Driver/Src/stm32l4xx_hal_cortex.o
LOAD ./Drivers/STM32L4xx_HAL_Driver/Src/stm32l4xx_hal_dma.o
LOAD ./Drivers/STM32L4xx_HAL_Driver/Src/stm32l4xx_hal_dma_ex.o
LOAD ./Drivers/STM32L4xx_HAL_Driver/Src/stm32l4xx_hal_exti.o
LOAD ./Drivers/STM32L4xx_HAL_Driver/Src/stm32l4xx_hal_flash.o
LOAD ./Drivers/STM32L4xx_HAL_Driver/Src/stm32l4xx_hal_flash_ex.o
LOAD ./Drivers/STM32L4xx_HAL_Driver/Src/stm32l4xx_hal_flash_ramfunc.o
LOAD ./Drivers/STM32L4xx_HAL_Driver/Src/stm32l4xx_hal_gpio.o
LOAD ./Drivers/STM32L4xx_HAL_Driver/Src/stm32l4xx_hal_pwr.o
LOAD ./Drivers/STM32L4xx_HAL_Driver/Src/stm32l4xx_hal_pwr_ex.o
LOAD ./Drivers/STM32L4xx_HAL_Driver/Src/stm32l4xx_hal_rcc.o
LOAD ./Drivers/STM32L4xx_HAL_Driver/Src/stm32l4xx_hal_rcc_ex.o
START GROUP
LOAD c:/st/stm32cubeide_1.12.0/stm32cubeide/plugins/com.st.stm32cube.ide.mcu.externaltools.gnu-tools-for-stm32.10.3-2021.10.win32_1.0.200.202301161003/tools/bin/../lib/gcc/arm-none-eabi/10.3.1/../../../../arm-none-eabi/lib/thumb/v7e-m+fp/hard\libc_nano.a
LOAD c:/st/stm32cubeide_1.12.0/stm32cubeide/plugins/com.st.stm32cube.ide.mcu.externaltools.gnu-tools-for-stm32.10.3-2021.10.win32_1.0.200.202301161003/tools/bin/../lib/gcc/arm-none-eabi/10.3.1/../../../../arm-none-eabi/lib/thumb/v7e-m+fp/hard\libm.a
END GROUP
START GROUP
LOAD c:/st/stm32cubeide_1.12.0/stm32cubeide/plugins/com.st.stm32cube.ide.mcu.externaltools.gnu-tools-for-stm32.10.3-2021.10.win32_1.0.200.202301161003/tools/bin/../lib/gcc/arm-none-eabi/10.3.1/thumb/v7e-m+fp/hard\libgcc.a
LOAD c:/st/stm32cubeide_1.12.0/stm32cubeide/plugins/com.st.stm32cube.ide.mcu.externaltools.gnu-tools-for-stm32.10.3-2021.10.win32_1.0.200.202301161003/tools/bin/../lib/gcc/arm-none-eabi/10.3.1/../../../../arm-none-eabi/lib/thumb/v7e-m+fp/hard\libc_nano.a
END GROUP
START GROUP
LOAD c:/st/stm32cubeide_1.12.0/stm32cubeide/plugins/com.st.stm32cube.ide.mcu.externaltools.gnu-tools-for-stm32.10.3-2021.10.win32_1.0.200.202301161003/tools/bin/../lib/gcc/arm-none-eabi/10.3.1/thumb/v7e-m+fp/hard\libgcc.a
LOAD c:/st/stm32cubeide_1.12.0/stm32cubeide/plugins/com.st.stm32cube.ide.mcu.externaltools.gnu-tools-for-stm32.10.3-2021.10.win32_1.0.200.202301161003/tools/bin/../lib/gcc/arm-none-eabi/10.3.1/../../../../arm-none-eabi/lib/thumb/v7e-m+fp/hard\libc_nano.a
LOAD c:/st/stm32cubeide_1.12.0/stm32cubeide/plugins/com.st.stm32cube.ide.mcu.externaltools.gnu-tools-for-stm32.10.3-2021.10.win32_1.0.200.202301161003/tools/bin/../lib/gcc/arm-none-eabi/10.3.1/../../../../arm-none-eabi/lib/thumb/v7e-m+fp/hard\libnosys.a
END GROUP
START GROUP
LOAD c:/st/stm32cubeide_1.12.0/stm32cubeide/plugins/com.st.stm32cube.ide.mcu.externaltools.gnu-tools-for-stm32.10.3-2021.10.win32_1.0.200.202301161003/tools/bin/../lib/gcc/arm-none-eabi/10.3.1/thumb/v7e-m+fp/hard\libgcc.a
LOAD c:/st/stm32cubeide_1.12.0/stm32cubeide/plugins/com.st.stm32cube.ide.mcu.externaltools.gnu-tools-for-stm32.10.3-2021.10.win32_1.0.200.202301161003/tools/bin/../lib/gcc/arm-none-eabi/10.3.1/../../../../arm-none-eabi/lib/thumb/v7e-m+fp/hard\libc_nano.a
LOAD c:/st/stm32cubeide_1.12.0/stm32cubeide/plugins/com.st.stm32cube.ide.mcu.externaltools.gnu-tools-for-stm32.10.3-2021.10.win32_1.0.200.202301161003/tools/bin/../lib/gcc/arm-none-eabi/10.3.1/../../../../arm-none-eabi/lib/thumb/v7e-m+fp/hard\libnosys.a
END GROUP
LOAD c:/st/stm32cubeide_1.12.0/stm32cubeide/plugins/com.st.stm32cube.ide.mcu.externaltools.gnu-tools-for-stm32.10.3-2021.10.win32_1.0.200.202301161003/tools/bin/../lib/gcc/arm-none-eabi/10.3.1/thumb/v7e-m+fp/hard/crtend.o
LOAD c:/st/stm32cubeide_1.12.0/stm32cubeide/plugins/com.st.stm32cube.ide.mcu.externaltools.gnu-tools-for-stm32.10.3-2021.10.win32_1.0.200.202301161003/tools/bin/../lib/gcc/arm-none-eabi/10.3.1/thumb/v7e-m+fp/hard/crtn.o
                0x0000000020050000                _estack = (ORIGIN (RAM) + LENGTH (RAM))
                0x0000000000000200                _Min_Heap_Size = 0x200
                0x0000000000000400                _Min_Stack_Size = 0x400

.isr_vector     0x0000000008000000      0x1ac
                0x0000000008000000                . = ALIGN (0x4)
 *(.isr_vector)
 .isr_vector    0x0000000008000000      0x1ac ./Core/Startup/startup_stm32l4a6zgtx.o
                0x0000000008000000                g_pfnVectors
                0x00000000080001ac                . = ALIGN (0x4)

.text           0x00000000080001ac      0x4a8
                0x00000000080001ac                . = ALIGN (0x4)
 *(.text)
 .text          0x00000000080001ac       0x40 c:/st/stm32cubeide_1.12.0/stm32cubeide/plugins/com.st.stm32cube.ide.mcu.externaltools.gnu-tools-for-stm32.10.3-2021.10.win32_1.0.200.202301161003/tools/bin/../lib/gcc/arm-none-eabi/10.3.1/thumb/v7e-m+fp/hard/crtbegin.o
 .text          0x00000000080001ec       0x10 c:/st/stm32cubeide_1.12.0/stm32cubeide/plugins/com.st.stm32cube.ide.mcu.externaltools.gnu-tools-for-stm32.10.3-2021.10.win32_1.0.200.202301161003/tools/bin/../lib/gcc/arm-none-eabi/10.3.1/../../../../arm-none-eabi/lib/thumb/v7e-m+fp/hard\libc_nano.a(lib_a-strlen.o)
                0x00000000080001ec                strlen
 *(.text*)
 .text.SysTick_Init
                0x00000000080001fc       0x2c ./Core/Src/LCD.o
                0x00000000080001fc                SysTick_Init
 .text.delay_us
                0x0000000008000228       0x5c ./Core/Src/LCD.o
                0x0000000008000228                delay_us
 .text.LCD_outputConfig
                0x0000000008000284       0x7c ./Core/Src/LCD.o
                0x0000000008000284                LCD_outputConfig
 .text.LCD_init
                0x0000000008000300       0x54 ./Core/Src/LCD.o
                0x0000000008000300                LCD_init
 .text.LCD_pulse_ENA
                0x0000000008000354       0x30 ./Core/Src/LCD.o
                0x0000000008000354                LCD_pulse_ENA
 .text.LCD_command
                0x0000000008000384       0x74 ./Core/Src/LCD.o
                0x0000000008000384                LCD_command
 .text.LCD_write_char
                0x00000000080003f8       0x3c ./Core/Src/LCD.o
                0x00000000080003f8                LCD_write_char
 .text.LCD_set_cursor
                0x0000000008000434       0x4e ./Core/Src/LCD.o
                0x0000000008000434                LCD_set_cursor
 .text.LCD_write_string
                0x0000000008000482       0x3a ./Core/Src/LCD.o
                0x0000000008000482                LCD_write_string
 .text.main     0x00000000080004bc       0x44 ./Core/Src/main.o
                0x00000000080004bc                main
 .text.NMI_Handler
                0x0000000008000500        0x6 ./Core/Src/stm32l4xx_it.o
                0x0000000008000500                NMI_Handler
 .text.HardFault_Handler
                0x0000000008000506        0x6 ./Core/Src/stm32l4xx_it.o
                0x0000000008000506                HardFault_Handler
 .text.MemManage_Handler
                0x000000000800050c        0x6 ./Core/Src/stm32l4xx_it.o
                0x000000000800050c                MemManage_Handler
 .text.BusFault_Handler
                0x0000000008000512        0x6 ./Core/Src/stm32l4xx_it.o
                0x0000000008000512                BusFault_Handler
 .text.UsageFault_Handler
                0x0000000008000518        0x6 ./Core/Src/stm32l4xx_it.o
                0x0000000008000518                UsageFault_Handler
 .text.SVC_Handler
                0x000000000800051e        0xe ./Core/Src/stm32l4xx_it.o
                0x000000000800051e                SVC_Handler
 .text.DebugMon_Handler
                0x000000000800052c        0xe ./Core/Src/stm32l4xx_it.o
                0x000000000800052c                DebugMon_Handler
 .text.PendSV_Handler
                0x000000000800053a        0xe ./Core/Src/stm32l4xx_it.o
                0x000000000800053a                PendSV_Handler
 .text.SysTick_Handler
                0x0000000008000548        0xc ./Core/Src/stm32l4xx_it.o
                0x0000000008000548                SysTick_Handler
 .text.SystemInit
                0x0000000008000554       0x24 ./Core/Src/system_stm32l4xx.o
                0x0000000008000554                SystemInit
 .text.Reset_Handler
                0x0000000008000578       0x50 ./Core/Startup/startup_stm32l4a6zgtx.o
                0x0000000008000578                Reset_Handler
 .text.Default_Handler
                0x00000000080005c8        0x2 ./Core/Startup/startup_stm32l4a6zgtx.o
                0x00000000080005c8                RTC_Alarm_IRQHandler
                0x00000000080005c8                HASH_RNG_IRQHandler
                0x00000000080005c8                EXTI2_IRQHandler
                0x00000000080005c8                TIM8_TRG_COM_IRQHandler
                0x00000000080005c8                TIM8_CC_IRQHandler
                0x00000000080005c8                TIM1_CC_IRQHandler
                0x00000000080005c8                TSC_IRQHandler
                0x00000000080005c8                TAMP_STAMP_IRQHandler
                0x00000000080005c8                CAN2_RX1_IRQHandler
                0x00000000080005c8                EXTI3_IRQHandler
                0x00000000080005c8                LPTIM2_IRQHandler
                0x00000000080005c8                DFSDM1_FLT1_IRQHandler
                0x00000000080005c8                I2C3_ER_IRQHandler
                0x00000000080005c8                DFSDM1_FLT2_IRQHandler
                0x00000000080005c8                EXTI0_IRQHandler
                0x00000000080005c8                I2C2_EV_IRQHandler
                0x00000000080005c8                CAN1_RX0_IRQHandler
                0x00000000080005c8                FPU_IRQHandler
                0x00000000080005c8                TIM1_UP_TIM16_IRQHandler
                0x00000000080005c8                CAN2_SCE_IRQHandler
                0x00000000080005c8                ADC1_2_IRQHandler
                0x00000000080005c8                SPI1_IRQHandler
                0x00000000080005c8                TIM6_DAC_IRQHandler
                0x00000000080005c8                DCMI_IRQHandler
                0x00000000080005c8                CAN2_RX0_IRQHandler
                0x00000000080005c8                TIM8_UP_IRQHandler
                0x00000000080005c8                DMA2_Channel2_IRQHandler
                0x00000000080005c8                DMA1_Channel4_IRQHandler
                0x00000000080005c8                SAI2_IRQHandler
                0x00000000080005c8                DFSDM1_FLT3_IRQHandler
                0x00000000080005c8                USART3_IRQHandler
                0x00000000080005c8                DMA1_Channel7_IRQHandler
                0x00000000080005c8                CAN1_RX1_IRQHandler
                0x00000000080005c8                LCD_IRQHandler
                0x00000000080005c8                UART5_IRQHandler
                0x00000000080005c8                ADC3_IRQHandler
                0x00000000080005c8                TIM4_IRQHandler
                0x00000000080005c8                DMA2_Channel1_IRQHandler
                0x00000000080005c8                QUADSPI_IRQHandler
                0x00000000080005c8                I2C1_EV_IRQHandler
                0x00000000080005c8                DMA1_Channel6_IRQHandler
                0x00000000080005c8                UART4_IRQHandler
                0x00000000080005c8                DMA2_Channel4_IRQHandler
                0x00000000080005c8                TIM3_IRQHandler
                0x00000000080005c8                RCC_IRQHandler
                0x00000000080005c8                DMA1_Channel1_IRQHandler
                0x00000000080005c8                Default_Handler
                0x00000000080005c8                DMA2_Channel7_IRQHandler
                0x00000000080005c8                EXTI15_10_IRQHandler
                0x00000000080005c8                TIM7_IRQHandler
                0x00000000080005c8                SDMMC1_IRQHandler
                0x00000000080005c8                CAN2_TX_IRQHandler
                0x00000000080005c8                TIM5_IRQHandler
                0x00000000080005c8                I2C3_EV_IRQHandler
                0x00000000080005c8                EXTI9_5_IRQHandler
                0x00000000080005c8                RTC_WKUP_IRQHandler
                0x00000000080005c8                PVD_PVM_IRQHandler
                0x00000000080005c8                SPI2_IRQHandler
                0x00000000080005c8                CAN1_TX_IRQHandler
                0x00000000080005c8                DMA2_Channel5_IRQHandler
                0x00000000080005c8                CRS_IRQHandler
                0x00000000080005c8                DMA1_Channel5_IRQHandler
                0x00000000080005c8                EXTI4_IRQHandler
                0x00000000080005c8                TIM1_TRG_COM_TIM17_IRQHandler
                0x00000000080005c8                DMA1_Channel3_IRQHandler
                0x00000000080005c8                COMP_IRQHandler
                0x00000000080005c8                WWDG_IRQHandler
                0x00000000080005c8                I2C4_EV_IRQHandler
                0x00000000080005c8                LPUART1_IRQHandler
                0x00000000080005c8                DMA2_Channel6_IRQHandler
                0x00000000080005c8                TIM2_IRQHandler
                0x00000000080005c8                DMA2D_IRQHandler
                0x00000000080005c8                EXTI1_IRQHandler
                0x00000000080005c8                AES_IRQHandler
                0x00000000080005c8                USART2_IRQHandler
                0x00000000080005c8                DFSDM1_FLT0_IRQHandler
                0x00000000080005c8                I2C2_ER_IRQHandler
                0x00000000080005c8                DMA1_Channel2_IRQHandler
                0x00000000080005c8                TIM8_BRK_IRQHandler
                0x00000000080005c8                CAN1_SCE_IRQHandler
                0x00000000080005c8                FLASH_IRQHandler
                0x00000000080005c8                USART1_IRQHandler
                0x00000000080005c8                OTG_FS_IRQHandler
                0x00000000080005c8                SPI3_IRQHandler
                0x00000000080005c8                I2C1_ER_IRQHandler
                0x00000000080005c8                FMC_IRQHandler
                0x00000000080005c8                SWPMI1_IRQHandler
                0x00000000080005c8                LPTIM1_IRQHandler
                0x00000000080005c8                I2C4_ER_IRQHandler
                0x00000000080005c8                SAI1_IRQHandler
                0x00000000080005c8                DMA2_Channel3_IRQHandler
                0x00000000080005c8                TIM1_BRK_TIM15_IRQHandler
 *fill*         0x00000000080005ca        0x2 
 .text.HAL_IncTick
                0x00000000080005cc       0x28 ./Drivers/STM32L4xx_HAL_Driver/Src/stm32l4xx_hal.o
                0x00000000080005cc                HAL_IncTick
 .text.__libc_init_array
                0x00000000080005f4       0x48 c:/st/stm32cubeide_1.12.0/stm32cubeide/plugins/com.st.stm32cube.ide.mcu.externaltools.gnu-tools-for-stm32.10.3-2021.10.win32_1.0.200.202301161003/tools/bin/../lib/gcc/arm-none-eabi/10.3.1/../../../../arm-none-eabi/lib/thumb/v7e-m+fp/hard\libc_nano.a(lib_a-init.o)
                0x00000000080005f4                __libc_init_array
 *(.glue_7)
 .glue_7        0x000000000800063c        0x0 linker stubs
 *(.glue_7t)
 .glue_7t       0x000000000800063c        0x0 linker stubs
 *(.eh_frame)
 .eh_frame      0x000000000800063c        0x0 c:/st/stm32cubeide_1.12.0/stm32cubeide/plugins/com.st.stm32cube.ide.mcu.externaltools.gnu-tools-for-stm32.10.3-2021.10.win32_1.0.200.202301161003/tools/bin/../lib/gcc/arm-none-eabi/10.3.1/thumb/v7e-m+fp/hard/crtbegin.o
 *(.init)
 .init          0x000000000800063c        0x4 c:/st/stm32cubeide_1.12.0/stm32cubeide/plugins/com.st.stm32cube.ide.mcu.externaltools.gnu-tools-for-stm32.10.3-2021.10.win32_1.0.200.202301161003/tools/bin/../lib/gcc/arm-none-eabi/10.3.1/thumb/v7e-m+fp/hard/crti.o
                0x000000000800063c                _init
 .init          0x0000000008000640        0x8 c:/st/stm32cubeide_1.12.0/stm32cubeide/plugins/com.st.stm32cube.ide.mcu.externaltools.gnu-tools-for-stm32.10.3-2021.10.win32_1.0.200.202301161003/tools/bin/../lib/gcc/arm-none-eabi/10.3.1/thumb/v7e-m+fp/hard/crtn.o
 *(.fini)
 .fini          0x0000000008000648        0x4 c:/st/stm32cubeide_1.12.0/stm32cubeide/plugins/com.st.stm32cube.ide.mcu.externaltools.gnu-tools-for-stm32.10.3-2021.10.win32_1.0.200.202301161003/tools/bin/../lib/gcc/arm-none-eabi/10.3.1/thumb/v7e-m+fp/hard/crti.o
                0x0000000008000648                _fini
 .fini          0x000000000800064c        0x8 c:/st/stm32cubeide_1.12.0/stm32cubeide/plugins/com.st.stm32cube.ide.mcu.externaltools.gnu-tools-for-stm32.10.3-2021.10.win32_1.0.200.202301161003/tools/bin/../lib/gcc/arm-none-eabi/10.3.1/thumb/v7e-m+fp/hard/crtn.o
                0x0000000008000654                . = ALIGN (0x4)
                0x0000000008000654                _etext = .

.vfp11_veneer   0x0000000008000654        0x0
 .vfp11_veneer  0x0000000008000654        0x0 linker stubs

.v4_bx          0x0000000008000654        0x0
 .v4_bx         0x0000000008000654        0x0 linker stubs

.iplt           0x0000000008000654        0x0
 .iplt          0x0000000008000654        0x0 c:/st/stm32cubeide_1.12.0/stm32cubeide/plugins/com.st.stm32cube.ide.mcu.externaltools.gnu-tools-for-stm32.10.3-2021.10.win32_1.0.200.202301161003/tools/bin/../lib/gcc/arm-none-eabi/10.3.1/thumb/v7e-m+fp/hard/crtbegin.o

.rodata         0x0000000008000654       0x24
                0x0000000008000654                . = ALIGN (0x4)
 *(.rodata)
 .rodata        0x0000000008000654       0x21 ./Core/Src/main.o
 *(.rodata*)
                0x0000000008000678                . = ALIGN (0x4)
 *fill*         0x0000000008000675        0x3 

.rel.dyn        0x0000000008000678        0x0
 .rel.iplt      0x0000000008000678        0x0 c:/st/stm32cubeide_1.12.0/stm32cubeide/plugins/com.st.stm32cube.ide.mcu.externaltools.gnu-tools-for-stm32.10.3-2021.10.win32_1.0.200.202301161003/tools/bin/../lib/gcc/arm-none-eabi/10.3.1/thumb/v7e-m+fp/hard/crtbegin.o

.ARM.extab      0x0000000008000678        0x0
                0x0000000008000678                . = ALIGN (0x4)
 *(.ARM.extab* .gnu.linkonce.armextab.*)
                0x0000000008000678                . = ALIGN (0x4)

.ARM            0x0000000008000678        0x0
                0x0000000008000678                . = ALIGN (0x4)
                0x0000000008000678                __exidx_start = .
 *(.ARM.exidx*)
                0x0000000008000678                __exidx_end = .
                0x0000000008000678                . = ALIGN (0x4)

.preinit_array  0x0000000008000678        0x0
                0x0000000008000678                . = ALIGN (0x4)
                0x0000000008000678                PROVIDE (__preinit_array_start = .)
 *(.preinit_array*)
                0x0000000008000678                PROVIDE (__preinit_array_end = .)
                0x0000000008000678                . = ALIGN (0x4)

.init_array     0x0000000008000678        0x4
                0x0000000008000678                . = ALIGN (0x4)
                0x0000000008000678                PROVIDE (__init_array_start = .)
 *(SORT_BY_NAME(.init_array.*))
 *(.init_array*)
 .init_array    0x0000000008000678        0x4 c:/st/stm32cubeide_1.12.0/stm32cubeide/plugins/com.st.stm32cube.ide.mcu.externaltools.gnu-tools-for-stm32.10.3-2021.10.win32_1.0.200.202301161003/tools/bin/../lib/gcc/arm-none-eabi/10.3.1/thumb/v7e-m+fp/hard/crtbegin.o
                0x000000000800067c                PROVIDE (__init_array_end = .)
                0x000000000800067c                . = ALIGN (0x4)

.fini_array     0x000000000800067c        0x4
                0x000000000800067c                . = ALIGN (0x4)
                [!provide]                        PROVIDE (__fini_array_start = .)
 *(SORT_BY_NAME(.fini_array.*))
 *(.fini_array*)
 .fini_array    0x000000000800067c        0x4 c:/st/stm32cubeide_1.12.0/stm32cubeide/plugins/com.st.stm32cube.ide.mcu.externaltools.gnu-tools-for-stm32.10.3-2021.10.win32_1.0.200.202301161003/tools/bin/../lib/gcc/arm-none-eabi/10.3.1/thumb/v7e-m+fp/hard/crtbegin.o
                [!provide]                        PROVIDE (__fini_array_end = .)
                0x0000000008000680                . = ALIGN (0x4)
                0x0000000008000680                _sidata = LOADADDR (.data)

.data           0x0000000020000000        0x8 load address 0x0000000008000680
                0x0000000020000000                . = ALIGN (0x4)
                0x0000000020000000                _sdata = .
 *(.data)
 *(.data*)
 .data.SystemCoreClock
                0x0000000020000000        0x4 ./Core/Src/system_stm32l4xx.o
                0x0000000020000000                SystemCoreClock
 .data.uwTickFreq
                0x0000000020000004        0x1 ./Drivers/STM32L4xx_HAL_Driver/Src/stm32l4xx_hal.o
                0x0000000020000004                uwTickFreq
 *(.RamFunc)
 *(.RamFunc*)
                0x0000000020000008                . = ALIGN (0x4)
 *fill*         0x0000000020000005        0x3 
                0x0000000020000008                _edata = .

.igot.plt       0x0000000020000008        0x0 load address 0x0000000008000688
 .igot.plt      0x0000000020000008        0x0 c:/st/stm32cubeide_1.12.0/stm32cubeide/plugins/com.st.stm32cube.ide.mcu.externaltools.gnu-tools-for-stm32.10.3-2021.10.win32_1.0.200.202301161003/tools/bin/../lib/gcc/arm-none-eabi/10.3.1/thumb/v7e-m+fp/hard/crtbegin.o
                0x0000000020000008                . = ALIGN (0x4)

.bss            0x0000000020000008       0x20 load address 0x0000000008000688
                0x0000000020000008                _sbss = .
                0x0000000020000008                __bss_start__ = _sbss
 *(.bss)
 .bss           0x0000000020000008       0x1c c:/st/stm32cubeide_1.12.0/stm32cubeide/plugins/com.st.stm32cube.ide.mcu.externaltools.gnu-tools-for-stm32.10.3-2021.10.win32_1.0.200.202301161003/tools/bin/../lib/gcc/arm-none-eabi/10.3.1/thumb/v7e-m+fp/hard/crtbegin.o
 *(.bss*)
 .bss.uwTick    0x0000000020000024        0x4 ./Drivers/STM32L4xx_HAL_Driver/Src/stm32l4xx_hal.o
                0x0000000020000024                uwTick
 *(COMMON)
                0x0000000020000028                . = ALIGN (0x4)
                0x0000000020000028                _ebss = .
                0x0000000020000028                __bss_end__ = _ebss

._user_heap_stack
                0x0000000020000028      0x600 load address 0x0000000008000688
                0x0000000020000028                . = ALIGN (0x8)
                [!provide]                        PROVIDE (end = .)
                0x0000000020000028                PROVIDE (_end = .)
                0x0000000020000228                . = (. + _Min_Heap_Size)
 *fill*         0x0000000020000028      0x200 
                0x0000000020000628                . = (. + _Min_Stack_Size)
 *fill*         0x0000000020000228      0x400 
                0x0000000020000628                . = ALIGN (0x8)

/DISCARD/
 libc.a(*)
 libm.a(*)
 libgcc.a(*)

.ARM.attributes
                0x0000000000000000       0x30
 *(.ARM.attributes)
 .ARM.attributes
                0x0000000000000000       0x1e c:/st/stm32cubeide_1.12.0/stm32cubeide/plugins/com.st.stm32cube.ide.mcu.externaltools.gnu-tools-for-stm32.10.3-2021.10.win32_1.0.200.202301161003/tools/bin/../lib/gcc/arm-none-eabi/10.3.1/thumb/v7e-m+fp/hard/crti.o
 .ARM.attributes
                0x000000000000001e       0x34 c:/st/stm32cubeide_1.12.0/stm32cubeide/plugins/com.st.stm32cube.ide.mcu.externaltools.gnu-tools-for-stm32.10.3-2021.10.win32_1.0.200.202301161003/tools/bin/../lib/gcc/arm-none-eabi/10.3.1/thumb/v7e-m+fp/hard/crtbegin.o
 .ARM.attributes
                0x0000000000000052       0x34 ./Core/Src/LCD.o
 .ARM.attributes
                0x0000000000000086       0x34 ./Core/Src/main.o
 .ARM.attributes
                0x00000000000000ba       0x34 ./Core/Src/stm32l4xx_it.o
 .ARM.attributes
                0x00000000000000ee       0x34 ./Core/Src/system_stm32l4xx.o
 .ARM.attributes
                0x0000000000000122       0x21 ./Core/Startup/startup_stm32l4a6zgtx.o
 .ARM.attributes
                0x0000000000000143       0x34 ./Drivers/STM32L4xx_HAL_Driver/Src/stm32l4xx_hal.o
 .ARM.attributes
                0x0000000000000177       0x34 c:/st/stm32cubeide_1.12.0/stm32cubeide/plugins/com.st.stm32cube.ide.mcu.externaltools.gnu-tools-for-stm32.10.3-2021.10.win32_1.0.200.202301161003/tools/bin/../lib/gcc/arm-none-eabi/10.3.1/../../../../arm-none-eabi/lib/thumb/v7e-m+fp/hard\libc_nano.a(lib_a-init.o)
 .ARM.attributes
                0x00000000000001ab       0x17 c:/st/stm32cubeide_1.12.0/stm32cubeide/plugins/com.st.stm32cube.ide.mcu.externaltools.gnu-tools-for-stm32.10.3-2021.10.win32_1.0.200.202301161003/tools/bin/../lib/gcc/arm-none-eabi/10.3.1/../../../../arm-none-eabi/lib/thumb/v7e-m+fp/hard\libc_nano.a(lib_a-strlen.o)
 .ARM.attributes
                0x00000000000001c2       0x1e c:/st/stm32cubeide_1.12.0/stm32cubeide/plugins/com.st.stm32cube.ide.mcu.externaltools.gnu-tools-for-stm32.10.3-2021.10.win32_1.0.200.202301161003/tools/bin/../lib/gcc/arm-none-eabi/10.3.1/thumb/v7e-m+fp/hard/crtn.o
OUTPUT(A3.elf elf32-littlearm)
LOAD linker stubs
LOAD c:/st/stm32cubeide_1.12.0/stm32cubeide/plugins/com.st.stm32cube.ide.mcu.externaltools.gnu-tools-for-stm32.10.3-2021.10.win32_1.0.200.202301161003/tools/bin/../lib/gcc/arm-none-eabi/10.3.1/../../../../arm-none-eabi/lib/thumb/v7e-m+fp/hard\libc.a
LOAD c:/st/stm32cubeide_1.12.0/stm32cubeide/plugins/com.st.stm32cube.ide.mcu.externaltools.gnu-tools-for-stm32.10.3-2021.10.win32_1.0.200.202301161003/tools/bin/../lib/gcc/arm-none-eabi/10.3.1/../../../../arm-none-eabi/lib/thumb/v7e-m+fp/hard\libm.a
LOAD c:/st/stm32cubeide_1.12.0/stm32cubeide/plugins/com.st.stm32cube.ide.mcu.externaltools.gnu-tools-for-stm32.10.3-2021.10.win32_1.0.200.202301161003/tools/bin/../lib/gcc/arm-none-eabi/10.3.1/thumb/v7e-m+fp/hard\libgcc.a

.debug_info     0x0000000000000000     0x1cb0
 .debug_info    0x0000000000000000      0x809 ./Core/Src/LCD.o
 .debug_info    0x0000000000000809      0x1e6 ./Core/Src/main.o
 .debug_info    0x00000000000009ef      0x122 ./Core/Src/stm32l4xx_it.o
 .debug_info    0x0000000000000b11      0x5e2 ./Core/Src/system_stm32l4xx.o
 .debug_info    0x00000000000010f3       0x22 ./Core/Startup/startup_stm32l4a6zgtx.o
 .debug_info    0x0000000000001115      0xb9b ./Drivers/STM32L4xx_HAL_Driver/Src/stm32l4xx_hal.o

.debug_abbrev   0x0000000000000000      0x722
 .debug_abbrev  0x0000000000000000      0x241 ./Core/Src/LCD.o
 .debug_abbrev  0x0000000000000241      0x10b ./Core/Src/main.o
 .debug_abbrev  0x000000000000034c       0x74 ./Core/Src/stm32l4xx_it.o
 .debug_abbrev  0x00000000000003c0      0x116 ./Core/Src/system_stm32l4xx.o
 .debug_abbrev  0x00000000000004d6       0x12 ./Core/Startup/startup_stm32l4a6zgtx.o
 .debug_abbrev  0x00000000000004e8      0x23a ./Drivers/STM32L4xx_HAL_Driver/Src/stm32l4xx_hal.o

.debug_aranges  0x0000000000000000      0x2a8
 .debug_aranges
                0x0000000000000000       0xa0 ./Core/Src/LCD.o
 .debug_aranges
                0x00000000000000a0       0x28 ./Core/Src/main.o
 .debug_aranges
                0x00000000000000c8       0x60 ./Core/Src/stm32l4xx_it.o
 .debug_aranges
                0x0000000000000128       0x28 ./Core/Src/system_stm32l4xx.o
 .debug_aranges
                0x0000000000000150       0x28 ./Core/Startup/startup_stm32l4a6zgtx.o
 .debug_aranges
                0x0000000000000178      0x130 ./Drivers/STM32L4xx_HAL_Driver/Src/stm32l4xx_hal.o

.debug_ranges   0x0000000000000000      0x250
 .debug_ranges  0x0000000000000000       0x90 ./Core/Src/LCD.o
 .debug_ranges  0x0000000000000090       0x18 ./Core/Src/main.o
 .debug_ranges  0x00000000000000a8       0x50 ./Core/Src/stm32l4xx_it.o
 .debug_ranges  0x00000000000000f8       0x18 ./Core/Src/system_stm32l4xx.o
 .debug_ranges  0x0000000000000110       0x20 ./Core/Startup/startup_stm32l4a6zgtx.o
 .debug_ranges  0x0000000000000130      0x120 ./Drivers/STM32L4xx_HAL_Driver/Src/stm32l4xx_hal.o

.debug_macro    0x0000000000000000    0x27190
 .debug_macro   0x0000000000000000      0x283 ./Core/Src/LCD.o
 .debug_macro   0x0000000000000283      0xa78 ./Core/Src/LCD.o
 .debug_macro   0x0000000000000cfb       0x22 ./Core/Src/LCD.o
 .debug_macro   0x0000000000000d1d       0x8e ./Core/Src/LCD.o
 .debug_macro   0x0000000000000dab       0x51 ./Core/Src/LCD.o
 .debug_macro   0x0000000000000dfc      0x103 ./Core/Src/LCD.o
 .debug_macro   0x0000000000000eff       0x6a ./Core/Src/LCD.o
 .debug_macro   0x0000000000000f69      0x1df ./Core/Src/LCD.o
 .debug_macro   0x0000000000001148       0x52 ./Core/Src/LCD.o
 .debug_macro   0x000000000000119a       0x1e ./Core/Src/LCD.o
 .debug_macro   0x00000000000011b8       0x3c ./Core/Src/LCD.o
 .debug_macro   0x00000000000011f4       0x34 ./Core/Src/LCD.o
 .debug_macro   0x0000000000001228      0x174 ./Core/Src/LCD.o
 .debug_macro   0x000000000000139c       0x16 ./Core/Src/LCD.o
 .debug_macro   0x00000000000013b2       0x43 ./Core/Src/LCD.o
 .debug_macro   0x00000000000013f5       0x34 ./Core/Src/LCD.o
 .debug_macro   0x0000000000001429       0x10 ./Core/Src/LCD.o
 .debug_macro   0x0000000000001439       0x58 ./Core/Src/LCD.o
 .debug_macro   0x0000000000001491       0x71 ./Core/Src/LCD.o
 .debug_macro   0x0000000000001502       0x1c ./Core/Src/LCD.o
 .debug_macro   0x000000000000151e      0x12a ./Core/Src/LCD.o
 .debug_macro   0x0000000000001648      0x341 ./Core/Src/LCD.o
 .debug_macro   0x0000000000001989       0x10 ./Core/Src/LCD.o
 .debug_macro   0x0000000000001999       0x35 ./Core/Src/LCD.o
 .debug_macro   0x00000000000019ce       0x20 ./Core/Src/LCD.o
 .debug_macro   0x00000000000019ee      0x19b ./Core/Src/LCD.o
 .debug_macro   0x0000000000001b89       0x2e ./Core/Src/LCD.o
 .debug_macro   0x0000000000001bb7       0x28 ./Core/Src/LCD.o
 .debug_macro   0x0000000000001bdf       0x1c ./Core/Src/LCD.o
 .debug_macro   0x0000000000001bfb       0x22 ./Core/Src/LCD.o
 .debug_macro   0x0000000000001c1d       0xfb ./Core/Src/LCD.o
 .debug_macro   0x0000000000001d18     0x1011 ./Core/Src/LCD.o
 .debug_macro   0x0000000000002d29      0x11f ./Core/Src/LCD.o
 .debug_macro   0x0000000000002e48    0x1c8bf ./Core/Src/LCD.o
 .debug_macro   0x000000000001f707       0x6d ./Core/Src/LCD.o
 .debug_macro   0x000000000001f774     0x38e6 ./Core/Src/LCD.o
 .debug_macro   0x000000000002305a       0x56 ./Core/Src/LCD.o
 .debug_macro   0x00000000000230b0     0x1909 ./Core/Src/LCD.o
 .debug_macro   0x00000000000249b9      0x773 ./Core/Src/LCD.o
 .debug_macro   0x000000000002512c      0x1b9 ./Core/Src/LCD.o
 .debug_macro   0x00000000000252e5      0x202 ./Core/Src/LCD.o
 .debug_macro   0x00000000000254e7      0x26b ./Core/Src/LCD.o
 .debug_macro   0x0000000000025752      0x23d ./Core/Src/LCD.o
 .debug_macro   0x000000000002598f      0x241 ./Core/Src/LCD.o
 .debug_macro   0x0000000000025bd0      0x3ad ./Core/Src/LCD.o
 .debug_macro   0x0000000000025f7d       0xe4 ./Core/Src/LCD.o
 .debug_macro   0x0000000000026061      0x122 ./Core/Src/LCD.o
 .debug_macro   0x0000000000026183      0x3ef ./Core/Src/LCD.o
 .debug_macro   0x0000000000026572      0x433 ./Core/Src/LCD.o
 .debug_macro   0x00000000000269a5       0x3a ./Core/Src/LCD.o
 .debug_macro   0x00000000000269df      0x287 ./Core/Src/main.o
 .debug_macro   0x0000000000026c66      0x1ac ./Core/Src/stm32l4xx_it.o
 .debug_macro   0x0000000000026e12      0x198 ./Core/Src/system_stm32l4xx.o
 .debug_macro   0x0000000000026faa      0x1e6 ./Drivers/STM32L4xx_HAL_Driver/Src/stm32l4xx_hal.o

.debug_line     0x0000000000000000     0x2b4a
 .debug_line    0x0000000000000000      0xa69 ./Core/Src/LCD.o
 .debug_line    0x0000000000000a69      0x7ee ./Core/Src/main.o
 .debug_line    0x0000000000001257      0x723 ./Core/Src/stm32l4xx_it.o
 .debug_line    0x000000000000197a      0x6f8 ./Core/Src/system_stm32l4xx.o
 .debug_line    0x0000000000002072       0x88 ./Core/Startup/startup_stm32l4a6zgtx.o
 .debug_line    0x00000000000020fa      0xa50 ./Drivers/STM32L4xx_HAL_Driver/Src/stm32l4xx_hal.o

.debug_str      0x0000000000000000    0xf064f
 .debug_str     0x0000000000000000    0xef8dc ./Core/Src/LCD.o
                                      0xefbb5 (size before relaxing)
 .debug_str     0x00000000000ef8dc       0x34 ./Core/Src/main.o
                                      0xef8ac (size before relaxing)
 .debug_str     0x00000000000ef910       0xc9 ./Core/Src/stm32l4xx_it.o
                                      0xec9ce (size before relaxing)
 .debug_str     0x00000000000ef9d9       0xe2 ./Core/Src/system_stm32l4xx.o
                                      0xecb69 (size before relaxing)
 .debug_str     0x00000000000efabb       0x36 ./Core/Startup/startup_stm32l4a6zgtx.o
                                         0x6c (size before relaxing)
 .debug_str     0x00000000000efaf1      0xb5e ./Drivers/STM32L4xx_HAL_Driver/Src/stm32l4xx_hal.o
                                      0xed77f (size before relaxing)

.comment        0x0000000000000000       0x50
 .comment       0x0000000000000000       0x50 ./Core/Src/LCD.o
                                         0x51 (size before relaxing)
 .comment       0x0000000000000050       0x51 ./Core/Src/main.o
 .comment       0x0000000000000050       0x51 ./Core/Src/stm32l4xx_it.o
 .comment       0x0000000000000050       0x51 ./Core/Src/system_stm32l4xx.o
 .comment       0x0000000000000050       0x51 ./Drivers/STM32L4xx_HAL_Driver/Src/stm32l4xx_hal.o

.debug_frame    0x0000000000000000      0x8d0
 .debug_frame   0x0000000000000000      0x26c ./Core/Src/LCD.o
 .debug_frame   0x000000000000026c       0x44 ./Core/Src/main.o
 .debug_frame   0x00000000000002b0      0x104 ./Core/Src/stm32l4xx_it.o
 .debug_frame   0x00000000000003b4       0x58 ./Core/Src/system_stm32l4xx.o
 .debug_frame   0x000000000000040c      0x498 ./Drivers/STM32L4xx_HAL_Driver/Src/stm32l4xx_hal.o
 .debug_frame   0x00000000000008a4       0x2c c:/st/stm32cubeide_1.12.0/stm32cubeide/plugins/com.st.stm32cube.ide.mcu.externaltools.gnu-tools-for-stm32.10.3-2021.10.win32_1.0.200.202301161003/tools/bin/../lib/gcc/arm-none-eabi/10.3.1/../../../../arm-none-eabi/lib/thumb/v7e-m+fp/hard\libc_nano.a(lib_a-init.o)
