../Core/Src/main.c:14:5:getMax	16	static
../Core/Src/main.c:26:5:getMin	16	static
../Core/Src/main.c:37:5:getAvg	16	static
../Core/Src/main.c:48:7:convertCurrent	24	static
../Core/Src/main.c:64:7:convertVolt	24	static
../Core/Src/main.c:78:7:convertCount	16	static
../Core/Src/main.c:91:6:printAll	8	static,ignoring_inline_asm
../Core/Src/main.c:127:6:ADC_init	8	static,ignoring_inline_asm
../Core/Src/main.c:164:6:ADC1_2_IRQHandler	4	static
../Core/Src/main.c:172:5:main	16	static,ignoring_inline_asm
../Core/Src/main.c:223:6:SystemClock_Config	96	static
../Core/Src/main.c:267:6:Error_Handler	4	static,ignoring_inline_asm
