../Core/Src/main.c:30:5:main	8	static,ignoring_inline_asm
../Core/Src/main.c:69:6:ADC_print	8	static,ignoring_inline_asm
../Core/Src/main.c:93:6:ADC_countConversion	40	static
../Core/Src/main.c:111:5:count_to_volts	16	static
../Core/Src/main.c:116:6:ADC_voltsConversion	40	static
../Core/Src/main.c:133:6:ADC_updateArray	16	static
../Core/Src/main.c:141:6:ADC_getAverage	16	static
../Core/Src/main.c:149:6:ADC_getMin	16	static
../Core/Src/main.c:159:6:ADC_getMax	16	static
../Core/Src/main.c:169:6:ADC_init	8	static,ignoring_inline_asm
../Core/Src/main.c:209:6:ADC_IRQHandler	4	static
../Core/Src/main.c:218:6:SystemClock_Config	96	static
../Core/Src/main.c:248:6:Error_Handler	4	static,ignoring_inline_asm
