../Core/Src/lcd.c:41:6:LCD_init	8	static
../Core/Src/lcd.c:79:6:Nybble	8	static
../Core/Src/lcd.c:87:6:command	32	static
../Core/Src/lcd.c:114:6:write	32	static
../Core/Src/lcd.c:144:6:lcd_set_cursor_position	24	static
../Core/Src/lcd.c:158:6:str_write	24	static
../Core/Src/lcd.c:171:6:LCD_reset_count_display	8	static
../Core/Src/lcd.c:182:6:LCD_update_count_display	8	static
../Core/Src/lcd.c:193:6:load_time	24	static
../Core/Src/lcd.c:212:5:time_in_sec	32	static
../Core/Src/lcd.c:220:5:decrement_time	16	static
../Core/Src/lcd.c:225:5:LCD_convert_ascii_to_time	16	static
../Core/Src/lcd.c:229:6:clear_LCD	8	static
