11:33:30 **** Incremental Build of configuration Debug for project A8 ****
make -j12 all 
arm-none-eabi-gcc "../Core/Src/I2C.c" -mcpu=cortex-m4 -std=gnu11 -g3 -DDEBUG -DUSE_HAL_DRIVER -DSTM32L4A6xx -c -I../Core/Inc -I../Drivers/STM32L4xx_HAL_Driver/Inc -I../Drivers/STM32L4xx_HAL_Driver/Inc/Legacy -I../Drivers/CMSIS/Device/ST/STM32L4xx/Include -I../Drivers/CMSIS/Include -O0 -ffunction-sections -fdata-sections -Wall -fstack-usage -fcyclomatic-complexity -MMD -MP -MF"Core/Src/I2C.d" -MT"Core/Src/I2C.o" --specs=nano.specs -mfpu=fpv4-sp-d16 -mfloat-abi=hard -mthumb -o "Core/Src/I2C.o"
arm-none-eabi-gcc -o "A8.elf" @"objects.list"   -mcpu=cortex-m4 -T"C:\Users\james\STM32CubeIDE\workspace_1.12.0\A8\STM32L4A6ZGTX_FLASH.ld" --specs=nosys.specs -Wl,-Map="A8.map" -Wl,--gc-sections -static --specs=nano.specs -mfpu=fpv4-sp-d16 -mfloat-abi=hard -mthumb -Wl,--start-group -lc -lm -Wl,--end-group
Finished building target: A8.elf
 
arm-none-eabi-size   A8.elf 
arm-none-eabi-objdump -h -S  A8.elf  > "A8.list"
   text	   data	    bss	    dec	    hex	filename
   6200	     20	   1572	   7792	   1e70	A8.elf
Finished building: default.size.stdout
 
Finished building: A8.list
 

11:33:31 Build Finished. 0 errors, 0 warnings. (took 1s.152ms)

