17:54:38 **** Incremental Build of configuration Debug for project P4 ****
make -j12 all 
arm-none-eabi-gcc "../Core/Src/FP_process.c" -mcpu=cortex-m4 -std=gnu11 -g3 -DDEBUG -DUSE_HAL_DRIVER -DSTM32L4A6xx -c -I../Core/Inc -I../Drivers/STM32L4xx_HAL_Driver/Inc -I../Drivers/STM32L4xx_HAL_Driver/Inc/Legacy -I../Drivers/CMSIS/Device/ST/STM32L4xx/Include -I../Drivers/CMSIS/Include -O0 -ffunction-sections -fdata-sections -Wall -fstack-usage -fcyclomatic-complexity -MMD -MP -MF"Core/Src/FP_process.d" -MT"Core/Src/FP_process.o" --specs=nano.specs -mfpu=fpv4-sp-d16 -mfloat-abi=hard -mthumb -o "Core/Src/FP_process.o"
arm-none-eabi-gcc "../Core/Src/main.c" -mcpu=cortex-m4 -std=gnu11 -g3 -DDEBUG -DUSE_HAL_DRIVER -DSTM32L4A6xx -c -I../Core/Inc -I../Drivers/STM32L4xx_HAL_Driver/Inc -I../Drivers/STM32L4xx_HAL_Driver/Inc/Legacy -I../Drivers/CMSIS/Device/ST/STM32L4xx/Include -I../Drivers/CMSIS/Include -O0 -ffunction-sections -fdata-sections -Wall -fstack-usage -fcyclomatic-complexity -MMD -MP -MF"Core/Src/main.d" -MT"Core/Src/main.o" --specs=nano.specs -mfpu=fpv4-sp-d16 -mfloat-abi=hard -mthumb -o "Core/Src/main.o"
arm-none-eabi-gcc -o "P4.elf" @"objects.list"   -mcpu=cortex-m4 -T"C:\Users\james\STM32CubeIDE\workspace_1.12.0\P4\STM32L4A6ZGTX_FLASH.ld" --specs=nosys.specs -Wl,-Map="P4.map" -Wl,--gc-sections -static --specs=nano.specs -mfpu=fpv4-sp-d16 -mfloat-abi=hard -mthumb -Wl,--start-group -lc -lm -Wl,--end-group
Finished building target: P4.elf
 
arm-none-eabi-size   P4.elf 
arm-none-eabi-objdump -h -S  P4.elf  > "P4.list"
   text	   data	    bss	    dec	    hex	filename
   9232	     28	   1876	  11136	   2b80	P4.elf
Finished building: default.size.stdout
 
Finished building: P4.list
 
17:54:47 **** Incremental Build of configuration Debug for project P4 ****
make -j12 all 
arm-none-eabi-size   P4.elf 
   text	   data	    bss	    dec	    hex	filename
   9232	     28	   1876	  11136	   2b80	P4.elf
Finished building: default.size.stdout
 
17:57:50 **** Incremental Build of configuration Debug for project P4 ****
make -j12 all 
arm-none-eabi-size   P4.elf 
   text	   data	    bss	    dec	    hex	filename
   9232	     28	   1876	  11136	   2b80	P4.elf
Finished building: default.size.stdout
 
