20:50:39 **** Incremental Build of configuration Debug for project KELVING SHIT ****
make -j12 all 
arm-none-eabi-gcc "../Core/Src/LPUART.c" -mcpu=cortex-m4 -std=gnu11 -g3 -DDEBUG -DUSE_HAL_DRIVER -DSTM32L4A6xx -c -I../Core/Inc -I../Drivers/STM32L4xx_HAL_Driver/Inc -I../Drivers/STM32L4xx_HAL_Driver/Inc/Legacy -I../Drivers/CMSIS/Device/ST/STM32L4xx/Include -I../Drivers/CMSIS/Include -O0 -ffunction-sections -fdata-sections -Wall -fstack-usage -fcyclomatic-complexity -MMD -MP -MF"Core/Src/LPUART.d" -MT"Core/Src/LPUART.o" --specs=nano.specs -mfpu=fpv4-sp-d16 -mfloat-abi=hard -mthumb -o "Core/Src/LPUART.o"
arm-none-eabi-gcc -o "KELVING SHIT.elf" @"objects.list"   -mcpu=cortex-m4 -T"C:\Users\james\STM32CubeIDE\workspace_1.12.0\KELVING SHIT\STM32L4A6ZGTX_FLASH.ld" --specs=nosys.specs -Wl,-Map="KELVING SHIT.map" -Wl,--gc-sections -static --specs=nano.specs -mfpu=fpv4-sp-d16 -mfloat-abi=hard -mthumb -Wl,--start-group -lc -lm -Wl,--end-group
Finished building target: KELVING SHIT.elf
 
arm-none-eabi-size   KELVING\ SHIT.elf 
arm-none-eabi-objdump -h -S  KELVING\ SHIT.elf  > "KELVING SHIT.list"
   text	   data	    bss	    dec	    hex	filename
   9596	     20	   1628	  11244	   2bec	KELVING SHIT.elf
Finished building: default.size.stdout
 
Finished building: KELVING SHIT.list
 

20:50:40 Build Finished. 0 errors, 0 warnings. (took 1s.384ms)

