16:14:35 **** Incremental Build of configuration Debug for project P4 ****
make -j12 all 
arm-none-eabi-gcc "../Core/Src/FP_process.c" -mcpu=cortex-m4 -std=gnu11 -g3 -DDEBUG -DUSE_HAL_DRIVER -DSTM32L4A6xx -c -I../Core/Inc -I../Drivers/STM32L4xx_HAL_Driver/Inc -I../Drivers/STM32L4xx_HAL_Driver/Inc/Legacy -I../Drivers/CMSIS/Device/ST/STM32L4xx/Include -I../Drivers/CMSIS/Include -O0 -ffunction-sections -fdata-sections -Wall -fstack-usage -fcyclomatic-complexity -MMD -MP -MF"Core/Src/FP_process.d" -MT"Core/Src/FP_process.o" --specs=nano.specs -mfpu=fpv4-sp-d16 -mfloat-abi=hard -mthumb -o "Core/Src/FP_process.o"
../Core/Src/FP_process.c: In function 'FP_enroll':
../Core/Src/FP_process.c:69:41: warning: '~' on a boolean expression [-Wbool-operation]
   69 |    while ((ConfirmationCode == 0x02) && ~(number_of_fp_per_section == MAX_FP_PER_SECTION)) { //No finger detected get finger
      |                                         ^
../Core/Src/FP_process.c:69:41: note: did you mean to use logical not?
   69 |    while ((ConfirmationCode == 0x02) && ~(number_of_fp_per_section == MAX_FP_PER_SECTION)) { //No finger detected get finger
      |                                         ^
      |                                         !
arm-none-eabi-gcc -o "P4.elf" @"objects.list"   -mcpu=cortex-m4 -T"C:\Users\james\STM32CubeIDE\workspace_1.12.0\P4\STM32L4A6ZGTX_FLASH.ld" --specs=nosys.specs -Wl,-Map="P4.map" -Wl,--gc-sections -static --specs=nano.specs -mfpu=fpv4-sp-d16 -mfloat-abi=hard -mthumb -Wl,--start-group -lc -lm -Wl,--end-group
Finished building target: P4.elf
 
arm-none-eabi-size   P4.elf 
arm-none-eabi-objdump -h -S  P4.elf  > "P4.list"
   text	   data	    bss	    dec	    hex	filename
   8480	     28	   1876	  10384	   2890	P4.elf
Finished building: default.size.stdout
 
Finished building: P4.list
 

16:14:36 Build Finished. 0 errors, 1 warnings. (took 594ms)

